I'm sorry, but errors were detected in your script. Please correct the
errors listed below, and try again.


File "game/options.rpy", line 300: is not terminated with a newline. (Check strings and parenthesis.)
            Text("Konzeptspiel v. " + config.version, size=18, color=

Ren'Py Version: Ren'Py 6.99.10.1227
